== Building arm64 (release)
Building for production...
[0/18] Write sources
[9/18] Copying PrivacyInfo.xcprivacy
[12/18] Copying Info.plist
[12/18] Write sources
[14/18] Copying VLCKit.framework
[15/18] Write swift-version--79AA4F9932D1E87A.txt
[17/20] Compiling PFCore AlbumRule.swift
[18/22] Compiling PFSimilarity DuplicateScoring.swift
[19/23] Compiling PFSafety GenerativeEditPolicy.swift
[20/24] Compiling PFVision EmbeddingPipeline.swift
[21/25] Compiling PFPeople ConstrainedClustering.swift
/Users/runner/work/talvinder-photoforge/talvinder-photoforge/Sources/PFPeople/FaceNeighborCache.swift:73:21: warning: 'cblas_sgemm' was deprecated in macOS 13.3: An updated CBLAS interface supporting ILP64 is available.  Please compile with -DACCELERATE_NEW_LAPACK to access the new headers and -DACCELERATE_LAPACK_ILP64 for ILP64 support.
 71 |                 sims.withUnsafeMutableBufferPointer { out in
 72 |                     // out[rows × n] = M[start..<start+rows] · Mᵀ
 73 |                     cblas_sgemm(CblasRowMajor, CblasNoTrans, CblasTrans, Int32(rows), Int32(n), Int32(dim),
    |                     `- warning: 'cblas_sgemm' was deprecated in macOS 13.3: An updated CBLAS interface supporting ILP64 is available.  Please compile with -DACCELERATE_NEW_LAPACK to access the new headers and -DACCELERATE_LAPACK_ILP64 for ILP64 support.
 74 |                                 1, m.baseAddress! + start * dim, Int32(dim), m.baseAddress!, Int32(dim),
 75 |                                 0, out.baseAddress!, Int32(n))
[22/26] Compiling PFPhotosBridge FileLibrarySource.swift
/Users/runner/work/talvinder-photoforge/talvinder-photoforge/Sources/PFPhotosBridge/MediaFiles.swift:49:40: warning: 'duration' was deprecated in macOS 13.0: Use load(.duration) instead
 47 |             if nativeVideoExtensions.contains(url.pathExtension.lowercased()) {
 48 |                 let a = AVURLAsset(url: url)
 49 |                 d = CMTimeGetSeconds(a.duration)
    |                                        `- warning: 'duration' was deprecated in macOS 13.0: Use load(.duration) instead
 50 |                 if let t = a.tracks(withMediaType: .video).first {
 51 |                     let s = t.naturalSize.applying(t.preferredTransform)

/Users/runner/work/talvinder-photoforge/talvinder-photoforge/Sources/PFPhotosBridge/MediaFiles.swift:50:30: warning: 'tracks(withMediaType:)' was deprecated in macOS 13.0: Use loadTracks(withMediaType:) instead
 48 |                 let a = AVURLAsset(url: url)
 49 |                 d = CMTimeGetSeconds(a.duration)
 50 |                 if let t = a.tracks(withMediaType: .video).first {
    |                              `- warning: 'tracks(withMediaType:)' was deprecated in macOS 13.0: Use loadTracks(withMediaType:) instead
 51 |                     let s = t.naturalSize.applying(t.preferredTransform)
 52 |                     w = Int(abs(s.width)); h = Int(abs(s.height))

/Users/runner/work/talvinder-photoforge/talvinder-photoforge/Sources/PFPhotosBridge/MediaFiles.swift:51:31: warning: 'naturalSize' was deprecated in macOS 13.0: Use load(.naturalSize) instead
 49 |                 d = CMTimeGetSeconds(a.duration)
 50 |                 if let t = a.tracks(withMediaType: .video).first {
 51 |                     let s = t.naturalSize.applying(t.preferredTransform)
    |                               `- warning: 'naturalSize' was deprecated in macOS 13.0: Use load(.naturalSize) instead
 52 |                     w = Int(abs(s.width)); h = Int(abs(s.height))
 53 |                 }

/Users/runner/work/talvinder-photoforge/talvinder-photoforge/Sources/PFPhotosBridge/MediaFiles.swift:51:54: warning: 'preferredTransform' was deprecated in macOS 13.0: Use load(.preferredTransform) instead
 49 |                 d = CMTimeGetSeconds(a.duration)
 50 |                 if let t = a.tracks(withMediaType: .video).first {
 51 |                     let s = t.naturalSize.applying(t.preferredTransform)
    |                                                      `- warning: 'preferredTransform' was deprecated in macOS 13.0: Use load(.preferredTransform) instead
 52 |                     w = Int(abs(s.width)); h = Int(abs(s.height))
 53 |                 }

/Users/runner/work/talvinder-photoforge/talvinder-photoforge/Sources/PFPhotosBridge/MediaFiles.swift:54:26: warning: 'creationDate' was deprecated in macOS 13.0: Use load(.creationDate) instead
 52 |                     w = Int(abs(s.width)); h = Int(abs(s.height))
 53 |                 }
 54 |                 date = a.creationDate?.dateValue
    |                          `- warning: 'creationDate' was deprecated in macOS 13.0: Use load(.creationDate) instead
 55 |             }
 56 |             return Probe(mediaType: "video", width: w, height: h, captureDate: date, duration: d.isFinite ? d : 0, isScreenshot: false)

/Users/runner/work/talvinder-photoforge/talvinder-photoforge/Sources/PFPhotosBridge/MediaFiles.swift:54:40: warning: 'dateValue' was deprecated in macOS 13.0: Use load(.dateValue) instead
 52 |                     w = Int(abs(s.width)); h = Int(abs(s.height))
 53 |                 }
 54 |                 date = a.creationDate?.dateValue
    |                                        `- warning: 'dateValue' was deprecated in macOS 13.0: Use load(.dateValue) instead
 55 |             }
 56 |             return Probe(mediaType: "video", width: w, height: h, captureDate: date, duration: d.isFinite ? d : 0, isScreenshot: false)

/Users/runner/work/talvinder-photoforge/talvinder-photoforge/Sources/PFPhotosBridge/PhotoLibraryService.swift:259:17: warning: capture of 'manager' with non-sendable type 'PHCachingImageManager' in a '@Sendable' closure
257 |                 opts.isSynchronous = true                  // on this background queue
258 |                 var result: Result<CGImage, Error> = .failure(PhotoForgeError.corruptImage)
259 |                 manager.requestImage(for: asset, targetSize: CGSize(width: maxDimension, height: maxDimension),
    |                 `- warning: capture of 'manager' with non-sendable type 'PHCachingImageManager' in a '@Sendable' closure
260 |                                      contentMode: .aspectFit, options: opts) { image, info in
261 |                     if let err = info?[PHImageErrorKey] as? Error { result = .failure(err); return }

/Applications/Xcode_16.4.app/Contents/Developer/Platforms/MacOSX.platform/Developer/SDKs/MacOSX15.5.sdk/System/Library/Frameworks/Photos.framework/Headers/PHImageManager.h:212:12: note: class 'PHCachingImageManager' does not conform to the 'Sendable' protocol
210 | 
211 | OS_EXPORT
212 | @interface PHCachingImageManager : PHImageManager
    |            `- note: class 'PHCachingImageManager' does not conform to the 'Sendable' protocol
213 | 
214 | // During fast scrolling clients should set this to improve responsiveness

/Users/runner/work/talvinder-photoforge/talvinder-photoforge/Sources/PFPhotosBridge/PhotoLibraryService.swift:3:1: warning: add '@preconcurrency' to suppress 'Sendable'-related warnings from module 'Photos'
  1 | import Foundation
  2 | import ImageIO
  3 | import Photos
    | `- warning: add '@preconcurrency' to suppress 'Sendable'-related warnings from module 'Photos'
  4 | import AppKit
  5 | import CryptoKit

/Users/runner/work/talvinder-photoforge/talvinder-photoforge/Sources/PFPhotosBridge/PhotoLibraryService.swift:287:17: warning: capture of 'manager' with non-sendable type 'PHCachingImageManager' in a '@Sendable' closure
285 |                 opts.isSynchronous = true
286 |                 var out: NSImage?
287 |                 manager.requestImage(for: asset, targetSize: CGSize(width: side, height: side),
    |                 `- warning: capture of 'manager' with non-sendable type 'PHCachingImageManager' in a '@Sendable' closure
288 |                                      contentMode: .aspectFill, options: opts) { image, _ in
289 |                     // Render to a bitmap here so drawing it later costs nothing.

/Applications/Xcode_16.4.app/Contents/Developer/Platforms/MacOSX.platform/Developer/SDKs/MacOSX15.5.sdk/System/Library/Frameworks/Photos.framework/Headers/PHImageManager.h:212:12: note: class 'PHCachingImageManager' does not conform to the 'Sendable' protocol
210 | 
211 | OS_EXPORT
212 | @interface PHCachingImageManager : PHImageManager
    |            `- note: class 'PHCachingImageManager' does not conform to the 'Sendable' protocol
213 | 
214 | // During fast scrolling clients should set this to improve responsiveness
[23/27] Compiling PFJobs JobManager.swift
[24/28] Compiling PFEditing EditRenderer.swift
[25/28] Compiling PFClassify Categories.swift
[26/28] Compiling GRDB Configuration.swift
[27/29] Compiling PFDatabase AppDatabase.swift
/Users/runner/work/talvinder-photoforge/talvinder-photoforge/Sources/PFDatabase/AppDatabase.swift:30:13: warning: result of 'try?' is unused
 28 |         let (applied, complete) = try pool.read { d in (try migrator.appliedMigrations(d), try migrator.hasCompletedMigrations(d)) }
 29 |         if !applied.isEmpty && !complete {
 30 |             try? db.backup(reason: "before-upgrade")
    |             `- warning: result of 'try?' is unused
 31 |         }
 32 |         try migrator.migrate(pool)

/Users/runner/work/talvinder-photoforge/talvinder-photoforge/Sources/PFDatabase/LibraryRegistry.swift:110:9: warning: result of 'try?' is unused
108 |         }
109 |         let db = try AppDatabase.open(at: legacy)
110 |         try? db.backup(reason: "before-split", keep: 5)
    |         `- warning: result of 'try?' is unused
111 |         let sources = try db.sourceIDs()
112 |         let systemID: Int64
[28/30] Compiling PhotoForgeApp AnalysisJob.swift
/Users/runner/work/talvinder-photoforge/talvinder-photoforge/Sources/PhotoForgeApp/AppModel+Features.swift:313:21: warning: result of 'try?' is unused
311 |                         folders[key] = f; parent = f
312 |                     }
313 |                     try? db.createAlbum(title: m.path.last ?? "Album", parentID: parent, isFolder: false, sourceID: sid, assetIDs: members)
    |                     `- warning: result of 'try?' is unused
314 |                 }
315 |             }

/Users/runner/work/talvinder-photoforge/talvinder-photoforge/Sources/PhotoForgeApp/AppModel+Organize.swift:87:43: warning: trailing closure in this context is confusable with the body of the statement; pass as a parenthesized argument to silence this warning
85 |         guard let db else { return }
86 |         let sid = activeLibraryID
87 |         if let t = try? await Offload.run { try db.userTags(sourceID: sid) } { userTags = t }
   |                                           `- warning: trailing closure in this context is confusable with the body of the statement; pass as a parenthesized argument to silence this warning
88 |         reloadAlbums()
89 |     }

/Users/runner/work/talvinder-photoforge/talvinder-photoforge/Sources/PhotoForgeApp/AppModel.swift:133:27: warning: non-sendable result type 'NSImage?' cannot be sent from nonisolated context in call to instance method 'thumbnail(for:side:)'; this is an error in the Swift 6 language mode
 131 | 
 132 |     func thumbnail(for key: String, side: Double) async -> NSImage? {
 133 |         await mediaSource.thumbnail(for: key, side: side)
     |                           `- warning: non-sendable result type 'NSImage?' cannot be sent from nonisolated context in call to instance method 'thumbnail(for:side:)'; this is an error in the Swift 6 language mode
 134 |     }
 135 | 

Swift.Optional:1:21: note: generic enum 'Optional' does not conform to the 'Sendable' protocol
1 | @frozen public enum Optional<Wrapped> : ~Copyable where Wrapped : ~Copyable {
  |                     `- note: generic enum 'Optional' does not conform to the 'Sendable' protocol
2 |     case none
3 |     case some(Wrapped)

/Users/runner/work/talvinder-photoforge/talvinder-photoforge/Sources/PhotoForgeApp/AppModel.swift:488:43: warning: trailing closure in this context is confusable with the body of the statement; pass as a parenthesized argument to silence this warning
 486 |             (try db.assets(sourceID: sid), try db.stats(sourceID: sid), try db.removalQueue(sourceID: sid), try db.activity())
 487 |         }
 488 |         if let t = try? await Offload.run { try db.userTags(sourceID: sid) } { userTags = t }
     |                                           `- warning: trailing closure in this context is confusable with the body of the statement; pass as a parenthesized argument to silence this warning
 489 |         if let raw = try? await Offload.run { try db.categoryMembers(sourceID: sid) } {
 490 |             var m: [PhotoCategory: Set<Int64>] = [:]

/Users/runner/work/talvinder-photoforge/talvinder-photoforge/Sources/PhotoForgeApp/AppModel.swift:489:45: warning: trailing closure in this context is confusable with the body of the statement; pass as a parenthesized argument to silence this warning
 487 |         }
 488 |         if let t = try? await Offload.run { try db.userTags(sourceID: sid) } { userTags = t }
 489 |         if let raw = try? await Offload.run { try db.categoryMembers(sourceID: sid) } {
     |                                             `- warning: trailing closure in this context is confusable with the body of the statement; pass as a parenthesized argument to silence this warning
 490 |             var m: [PhotoCategory: Set<Int64>] = [:]
 491 |             for (k, v) in raw { if let c = PhotoCategory(rawValue: k) { m[c] = v } }

/Users/runner/work/talvinder-photoforge/talvinder-photoforge/Sources/PhotoForgeApp/AppModel.swift:758:43: warning: trailing closure in this context is confusable with the body of the statement; pass as a parenthesized argument to silence this warning
 756 |         guard let db else { return }
 757 |         let sid = activeLibraryID
 758 |         if let q = try? await Offload.run { try db.removalQueue(sourceID: sid) } { removalQueue = q }
     |                                           `- warning: trailing closure in this context is confusable with the body of the statement; pass as a parenthesized argument to silence this warning
 759 |         applyQueueFilter()
 760 |     }

/Users/runner/work/talvinder-photoforge/talvinder-photoforge/Sources/PhotoForgeApp/LibraryViews.swift:114:56: warning: reference to captured var 'memberIDs' in concurrently-executing code; this is an error in the Swift 6 language mode
112 |         let f = filter, so = sort, gr = grouping, hits = searchHits, version = data.version &+ 1
113 |         let result = await Offload.run {
114 |             Self.compute(assets, filter: f, memberIDs: memberIDs, keys: keys, hits: hits, sort: so, grouping: gr, version: version)
    |                                                        `- warning: reference to captured var 'memberIDs' in concurrently-executing code; this is an error in the Swift 6 language mode
115 |         }
116 |         guard !Task.isCancelled else { return }

/Users/runner/work/talvinder-photoforge/talvinder-photoforge/Sources/PhotoForgeApp/LibraryViews.swift:114:73: warning: reference to captured var 'keys' in concurrently-executing code; this is an error in the Swift 6 language mode
112 |         let f = filter, so = sort, gr = grouping, hits = searchHits, version = data.version &+ 1
113 |         let result = await Offload.run {
114 |             Self.compute(assets, filter: f, memberIDs: memberIDs, keys: keys, hits: hits, sort: so, grouping: gr, version: version)
    |                                                                         `- warning: reference to captured var 'keys' in concurrently-executing code; this is an error in the Swift 6 language mode
115 |         }
116 |         guard !Task.isCancelled else { return }

/Users/runner/work/talvinder-photoforge/talvinder-photoforge/Sources/PhotoForgeApp/LocalAPIServer.swift:269:61: warning: non-sendable result type 'NSImage?' cannot be sent from nonisolated context in call to instance method 'thumbnail(for:side:)'; this is an error in the Swift 6 language mode
267 |                     if let e = need(.thumbnails) { return e }
268 |                     let size = min(2048, max(64, Double(req.query["size"] ?? "") ?? 512))
269 |                     guard let img = await model.mediaSource.thumbnail(for: asset.localIdentifier, side: size),
    |                                                             `- warning: non-sendable result type 'NSImage?' cannot be sent from nonisolated context in call to instance method 'thumbnail(for:side:)'; this is an error in the Swift 6 language mode
270 |                           let cg = img.cgImage(forProposedRect: nil, context: nil, hints: nil),
271 |                           let jpeg = Self.jpeg(cg) else { return .error(404, "No thumbnail available") }

Swift.Optional:1:21: note: generic enum 'Optional' does not conform to the 'Sendable' protocol
1 | @frozen public enum Optional<Wrapped> : ~Copyable where Wrapped : ~Copyable {
  |                     `- note: generic enum 'Optional' does not conform to the 'Sendable' protocol
2 |     case none
3 |     case some(Wrapped)

/Users/runner/work/talvinder-photoforge/talvinder-photoforge/Sources/PhotoForgeApp/PeopleViews.swift:283:37: warning: non-sendable result type 'NSImage?' cannot be sent from nonisolated context in call to static method 'run'; this is an error in the Swift 6 language mode
281 |         if let p = face.cropPath {
282 |             let url = model.faceCropDir.appendingPathComponent(p)
283 |             let img = await Offload.run { () -> NSImage? in
    |                                     `- warning: non-sendable result type 'NSImage?' cannot be sent from nonisolated context in call to static method 'run'; this is an error in the Swift 6 language mode
284 |                 guard let src = CGImageSourceCreateWithURL(url as CFURL, nil),
285 |                       let cg = CGImageSourceCreateImageAtIndex(src, 0, [kCGImageSourceShouldCacheImmediately: true] as CFDictionary)

Swift.Optional:1:21: note: generic enum 'Optional' does not conform to the 'Sendable' protocol
1 | @frozen public enum Optional<Wrapped> : ~Copyable where Wrapped : ~Copyable {
  |                     `- note: generic enum 'Optional' does not conform to the 'Sendable' protocol
2 |     case none
3 |     case some(Wrapped)

/Users/runner/work/talvinder-photoforge/talvinder-photoforge/Sources/PhotoForgeApp/VideoPlayerView.swift:166:48: warning: left side of nil coalescing operator '??' has non-optional type 'String', so the right side is never used
164 |         Task { @MainActor in
165 |             position = Double(player.position)
166 |             timeText = player.time.stringValue ?? ""
    |                                                `- warning: left side of nil coalescing operator '??' has non-optional type 'String', so the right side is never used
167 |             if let len = player.media?.length.stringValue, !len.isEmpty { lengthText = len }
168 |         }
[28/30] Write Objects.LinkFileList
[29/30] Linking PhotoForgeApp
Build of product 'PhotoForgeApp' complete! (127.78s)
== Building x86_64 (release)
Building for production...
[0/18] Write sources
[0/18] Copying PrivacyInfo.xcprivacy
[0/18] Write sources
[4/18] Copying Info.plist
[4/18] Write sources
[14/18] Copying VLCKit.framework
[15/18] Write swift-version--79AA4F9932D1E87A.txt
[17/20] Compiling PFCore AlbumRule.swift
[18/22] Compiling PFSimilarity DuplicateScoring.swift
[19/23] Compiling PFSafety GenerativeEditPolicy.swift
[20/24] Compiling PFVision EmbeddingPipeline.swift
[21/25] Compiling PFPeople ConstrainedClustering.swift
/Users/runner/work/talvinder-photoforge/talvinder-photoforge/Sources/PFPeople/FaceNeighborCache.swift:73:21: warning: 'cblas_sgemm' was deprecated in macOS 13.3: An updated CBLAS interface supporting ILP64 is available.  Please compile with -DACCELERATE_NEW_LAPACK to access the new headers and -DACCELERATE_LAPACK_ILP64 for ILP64 support.
 71 |                 sims.withUnsafeMutableBufferPointer { out in
 72 |                     // out[rows × n] = M[start..<start+rows] · Mᵀ
 73 |                     cblas_sgemm(CblasRowMajor, CblasNoTrans, CblasTrans, Int32(rows), Int32(n), Int32(dim),
    |                     `- warning: 'cblas_sgemm' was deprecated in macOS 13.3: An updated CBLAS interface supporting ILP64 is available.  Please compile with -DACCELERATE_NEW_LAPACK to access the new headers and -DACCELERATE_LAPACK_ILP64 for ILP64 support.
 74 |                                 1, m.baseAddress! + start * dim, Int32(dim), m.baseAddress!, Int32(dim),
 75 |                                 0, out.baseAddress!, Int32(n))
[22/26] Compiling PFPhotosBridge FileLibrarySource.swift
/Users/runner/work/talvinder-photoforge/talvinder-photoforge/Sources/PFPhotosBridge/MediaFiles.swift:49:40: warning: 'duration' was deprecated in macOS 13.0: Use load(.duration) instead
 47 |             if nativeVideoExtensions.contains(url.pathExtension.lowercased()) {
 48 |                 let a = AVURLAsset(url: url)
 49 |                 d = CMTimeGetSeconds(a.duration)
    |                                        `- warning: 'duration' was deprecated in macOS 13.0: Use load(.duration) instead
 50 |                 if let t = a.tracks(withMediaType: .video).first {
 51 |                     let s = t.naturalSize.applying(t.preferredTransform)

/Users/runner/work/talvinder-photoforge/talvinder-photoforge/Sources/PFPhotosBridge/MediaFiles.swift:50:30: warning: 'tracks(withMediaType:)' was deprecated in macOS 13.0: Use loadTracks(withMediaType:) instead
 48 |                 let a = AVURLAsset(url: url)
 49 |                 d = CMTimeGetSeconds(a.duration)
 50 |                 if let t = a.tracks(withMediaType: .video).first {
    |                              `- warning: 'tracks(withMediaType:)' was deprecated in macOS 13.0: Use loadTracks(withMediaType:) instead
 51 |                     let s = t.naturalSize.applying(t.preferredTransform)
 52 |                     w = Int(abs(s.width)); h = Int(abs(s.height))

/Users/runner/work/talvinder-photoforge/talvinder-photoforge/Sources/PFPhotosBridge/MediaFiles.swift:51:31: warning: 'naturalSize' was deprecated in macOS 13.0: Use load(.naturalSize) instead
 49 |                 d = CMTimeGetSeconds(a.duration)
 50 |                 if let t = a.tracks(withMediaType: .video).first {
 51 |                     let s = t.naturalSize.applying(t.preferredTransform)
    |                               `- warning: 'naturalSize' was deprecated in macOS 13.0: Use load(.naturalSize) instead
 52 |                     w = Int(abs(s.width)); h = Int(abs(s.height))
 53 |                 }

/Users/runner/work/talvinder-photoforge/talvinder-photoforge/Sources/PFPhotosBridge/MediaFiles.swift:51:54: warning: 'preferredTransform' was deprecated in macOS 13.0: Use load(.preferredTransform) instead
 49 |                 d = CMTimeGetSeconds(a.duration)
 50 |                 if let t = a.tracks(withMediaType: .video).first {
 51 |                     let s = t.naturalSize.applying(t.preferredTransform)
    |                                                      `- warning: 'preferredTransform' was deprecated in macOS 13.0: Use load(.preferredTransform) instead
 52 |                     w = Int(abs(s.width)); h = Int(abs(s.height))
 53 |                 }

/Users/runner/work/talvinder-photoforge/talvinder-photoforge/Sources/PFPhotosBridge/MediaFiles.swift:54:26: warning: 'creationDate' was deprecated in macOS 13.0: Use load(.creationDate) instead
 52 |                     w = Int(abs(s.width)); h = Int(abs(s.height))
 53 |                 }
 54 |                 date = a.creationDate?.dateValue
    |                          `- warning: 'creationDate' was deprecated in macOS 13.0: Use load(.creationDate) instead
 55 |             }
 56 |             return Probe(mediaType: "video", width: w, height: h, captureDate: date, duration: d.isFinite ? d : 0, isScreenshot: false)

/Users/runner/work/talvinder-photoforge/talvinder-photoforge/Sources/PFPhotosBridge/MediaFiles.swift:54:40: warning: 'dateValue' was deprecated in macOS 13.0: Use load(.dateValue) instead
 52 |                     w = Int(abs(s.width)); h = Int(abs(s.height))
 53 |                 }
 54 |                 date = a.creationDate?.dateValue
    |                                        `- warning: 'dateValue' was deprecated in macOS 13.0: Use load(.dateValue) instead
 55 |             }
 56 |             return Probe(mediaType: "video", width: w, height: h, captureDate: date, duration: d.isFinite ? d : 0, isScreenshot: false)

/Users/runner/work/talvinder-photoforge/talvinder-photoforge/Sources/PFPhotosBridge/PhotoLibraryService.swift:259:17: warning: capture of 'manager' with non-sendable type 'PHCachingImageManager' in a '@Sendable' closure
257 |                 opts.isSynchronous = true                  // on this background queue
258 |                 var result: Result<CGImage, Error> = .failure(PhotoForgeError.corruptImage)
259 |                 manager.requestImage(for: asset, targetSize: CGSize(width: maxDimension, height: maxDimension),
    |                 `- warning: capture of 'manager' with non-sendable type 'PHCachingImageManager' in a '@Sendable' closure
260 |                                      contentMode: .aspectFit, options: opts) { image, info in
261 |                     if let err = info?[PHImageErrorKey] as? Error { result = .failure(err); return }

/Applications/Xcode_16.4.app/Contents/Developer/Platforms/MacOSX.platform/Developer/SDKs/MacOSX15.5.sdk/System/Library/Frameworks/Photos.framework/Headers/PHImageManager.h:212:12: note: class 'PHCachingImageManager' does not conform to the 'Sendable' protocol
210 | 
211 | OS_EXPORT
212 | @interface PHCachingImageManager : PHImageManager
    |            `- note: class 'PHCachingImageManager' does not conform to the 'Sendable' protocol
213 | 
214 | // During fast scrolling clients should set this to improve responsiveness

/Users/runner/work/talvinder-photoforge/talvinder-photoforge/Sources/PFPhotosBridge/PhotoLibraryService.swift:3:1: warning: add '@preconcurrency' to suppress 'Sendable'-related warnings from module 'Photos'
  1 | import Foundation
  2 | import ImageIO
  3 | import Photos
    | `- warning: add '@preconcurrency' to suppress 'Sendable'-related warnings from module 'Photos'
  4 | import AppKit
  5 | import CryptoKit

/Users/runner/work/talvinder-photoforge/talvinder-photoforge/Sources/PFPhotosBridge/PhotoLibraryService.swift:287:17: warning: capture of 'manager' with non-sendable type 'PHCachingImageManager' in a '@Sendable' closure
285 |                 opts.isSynchronous = true
286 |                 var out: NSImage?
287 |                 manager.requestImage(for: asset, targetSize: CGSize(width: side, height: side),
    |                 `- warning: capture of 'manager' with non-sendable type 'PHCachingImageManager' in a '@Sendable' closure
288 |                                      contentMode: .aspectFill, options: opts) { image, _ in
289 |                     // Render to a bitmap here so drawing it later costs nothing.

/Applications/Xcode_16.4.app/Contents/Developer/Platforms/MacOSX.platform/Developer/SDKs/MacOSX15.5.sdk/System/Library/Frameworks/Photos.framework/Headers/PHImageManager.h:212:12: note: class 'PHCachingImageManager' does not conform to the 'Sendable' protocol
210 | 
211 | OS_EXPORT
212 | @interface PHCachingImageManager : PHImageManager
    |            `- note: class 'PHCachingImageManager' does not conform to the 'Sendable' protocol
213 | 
214 | // During fast scrolling clients should set this to improve responsiveness
[23/27] Compiling PFJobs JobManager.swift
[24/28] Compiling PFClassify Categories.swift
[25/28] Compiling PFEditing EditRenderer.swift
[26/28] Compiling GRDB Configuration.swift
[27/29] Compiling PFDatabase AppDatabase.swift
/Users/runner/work/talvinder-photoforge/talvinder-photoforge/Sources/PFDatabase/AppDatabase.swift:30:13: warning: result of 'try?' is unused
 28 |         let (applied, complete) = try pool.read { d in (try migrator.appliedMigrations(d), try migrator.hasCompletedMigrations(d)) }
 29 |         if !applied.isEmpty && !complete {
 30 |             try? db.backup(reason: "before-upgrade")
    |             `- warning: result of 'try?' is unused
 31 |         }
 32 |         try migrator.migrate(pool)

/Users/runner/work/talvinder-photoforge/talvinder-photoforge/Sources/PFDatabase/LibraryRegistry.swift:110:9: warning: result of 'try?' is unused
108 |         }
109 |         let db = try AppDatabase.open(at: legacy)
110 |         try? db.backup(reason: "before-split", keep: 5)
    |         `- warning: result of 'try?' is unused
111 |         let sources = try db.sourceIDs()
112 |         let systemID: Int64
[28/30] Compiling PhotoForgeApp AnalysisJob.swift
/Users/runner/work/talvinder-photoforge/talvinder-photoforge/Sources/PhotoForgeApp/AppModel+Features.swift:313:21: warning: result of 'try?' is unused
311 |                         folders[key] = f; parent = f
312 |                     }
313 |                     try? db.createAlbum(title: m.path.last ?? "Album", parentID: parent, isFolder: false, sourceID: sid, assetIDs: members)
    |                     `- warning: result of 'try?' is unused
314 |                 }
315 |             }

/Users/runner/work/talvinder-photoforge/talvinder-photoforge/Sources/PhotoForgeApp/AppModel+Organize.swift:87:43: warning: trailing closure in this context is confusable with the body of the statement; pass as a parenthesized argument to silence this warning
85 |         guard let db else { return }
86 |         let sid = activeLibraryID
87 |         if let t = try? await Offload.run { try db.userTags(sourceID: sid) } { userTags = t }
   |                                           `- warning: trailing closure in this context is confusable with the body of the statement; pass as a parenthesized argument to silence this warning
88 |         reloadAlbums()
89 |     }

/Users/runner/work/talvinder-photoforge/talvinder-photoforge/Sources/PhotoForgeApp/AppModel.swift:133:27: warning: non-sendable result type 'NSImage?' cannot be sent from nonisolated context in call to instance method 'thumbnail(for:side:)'; this is an error in the Swift 6 language mode
 131 | 
 132 |     func thumbnail(for key: String, side: Double) async -> NSImage? {
 133 |         await mediaSource.thumbnail(for: key, side: side)
     |                           `- warning: non-sendable result type 'NSImage?' cannot be sent from nonisolated context in call to instance method 'thumbnail(for:side:)'; this is an error in the Swift 6 language mode
 134 |     }
 135 | 

Swift.Optional:1:21: note: generic enum 'Optional' does not conform to the 'Sendable' protocol
1 | @frozen public enum Optional<Wrapped> : ~Copyable where Wrapped : ~Copyable {
  |                     `- note: generic enum 'Optional' does not conform to the 'Sendable' protocol
2 |     case none
3 |     case some(Wrapped)

/Users/runner/work/talvinder-photoforge/talvinder-photoforge/Sources/PhotoForgeApp/AppModel.swift:488:43: warning: trailing closure in this context is confusable with the body of the statement; pass as a parenthesized argument to silence this warning
 486 |             (try db.assets(sourceID: sid), try db.stats(sourceID: sid), try db.removalQueue(sourceID: sid), try db.activity())
 487 |         }
 488 |         if let t = try? await Offload.run { try db.userTags(sourceID: sid) } { userTags = t }
     |                                           `- warning: trailing closure in this context is confusable with the body of the statement; pass as a parenthesized argument to silence this warning
 489 |         if let raw = try? await Offload.run { try db.categoryMembers(sourceID: sid) } {
 490 |             var m: [PhotoCategory: Set<Int64>] = [:]

/Users/runner/work/talvinder-photoforge/talvinder-photoforge/Sources/PhotoForgeApp/AppModel.swift:489:45: warning: trailing closure in this context is confusable with the body of the statement; pass as a parenthesized argument to silence this warning
 487 |         }
 488 |         if let t = try? await Offload.run { try db.userTags(sourceID: sid) } { userTags = t }
 489 |         if let raw = try? await Offload.run { try db.categoryMembers(sourceID: sid) } {
     |                                             `- warning: trailing closure in this context is confusable with the body of the statement; pass as a parenthesized argument to silence this warning
 490 |             var m: [PhotoCategory: Set<Int64>] = [:]
 491 |             for (k, v) in raw { if let c = PhotoCategory(rawValue: k) { m[c] = v } }

/Users/runner/work/talvinder-photoforge/talvinder-photoforge/Sources/PhotoForgeApp/AppModel.swift:758:43: warning: trailing closure in this context is confusable with the body of the statement; pass as a parenthesized argument to silence this warning
 756 |         guard let db else { return }
 757 |         let sid = activeLibraryID
 758 |         if let q = try? await Offload.run { try db.removalQueue(sourceID: sid) } { removalQueue = q }
     |                                           `- warning: trailing closure in this context is confusable with the body of the statement; pass as a parenthesized argument to silence this warning
 759 |         applyQueueFilter()
 760 |     }

/Users/runner/work/talvinder-photoforge/talvinder-photoforge/Sources/PhotoForgeApp/LibraryViews.swift:114:56: warning: reference to captured var 'memberIDs' in concurrently-executing code; this is an error in the Swift 6 language mode
112 |         let f = filter, so = sort, gr = grouping, hits = searchHits, version = data.version &+ 1
113 |         let result = await Offload.run {
114 |             Self.compute(assets, filter: f, memberIDs: memberIDs, keys: keys, hits: hits, sort: so, grouping: gr, version: version)
    |                                                        `- warning: reference to captured var 'memberIDs' in concurrently-executing code; this is an error in the Swift 6 language mode
115 |         }
116 |         guard !Task.isCancelled else { return }

/Users/runner/work/talvinder-photoforge/talvinder-photoforge/Sources/PhotoForgeApp/LibraryViews.swift:114:73: warning: reference to captured var 'keys' in concurrently-executing code; this is an error in the Swift 6 language mode
112 |         let f = filter, so = sort, gr = grouping, hits = searchHits, version = data.version &+ 1
113 |         let result = await Offload.run {
114 |             Self.compute(assets, filter: f, memberIDs: memberIDs, keys: keys, hits: hits, sort: so, grouping: gr, version: version)
    |                                                                         `- warning: reference to captured var 'keys' in concurrently-executing code; this is an error in the Swift 6 language mode
115 |         }
116 |         guard !Task.isCancelled else { return }

/Users/runner/work/talvinder-photoforge/talvinder-photoforge/Sources/PhotoForgeApp/LocalAPIServer.swift:269:61: warning: non-sendable result type 'NSImage?' cannot be sent from nonisolated context in call to instance method 'thumbnail(for:side:)'; this is an error in the Swift 6 language mode
267 |                     if let e = need(.thumbnails) { return e }
268 |                     let size = min(2048, max(64, Double(req.query["size"] ?? "") ?? 512))
269 |                     guard let img = await model.mediaSource.thumbnail(for: asset.localIdentifier, side: size),
    |                                                             `- warning: non-sendable result type 'NSImage?' cannot be sent from nonisolated context in call to instance method 'thumbnail(for:side:)'; this is an error in the Swift 6 language mode
270 |                           let cg = img.cgImage(forProposedRect: nil, context: nil, hints: nil),
271 |                           let jpeg = Self.jpeg(cg) else { return .error(404, "No thumbnail available") }

Swift.Optional:1:21: note: generic enum 'Optional' does not conform to the 'Sendable' protocol
1 | @frozen public enum Optional<Wrapped> : ~Copyable where Wrapped : ~Copyable {
  |                     `- note: generic enum 'Optional' does not conform to the 'Sendable' protocol
2 |     case none
3 |     case some(Wrapped)

/Users/runner/work/talvinder-photoforge/talvinder-photoforge/Sources/PhotoForgeApp/PeopleViews.swift:283:37: warning: non-sendable result type 'NSImage?' cannot be sent from nonisolated context in call to static method 'run'; this is an error in the Swift 6 language mode
281 |         if let p = face.cropPath {
282 |             let url = model.faceCropDir.appendingPathComponent(p)
283 |             let img = await Offload.run { () -> NSImage? in
    |                                     `- warning: non-sendable result type 'NSImage?' cannot be sent from nonisolated context in call to static method 'run'; this is an error in the Swift 6 language mode
284 |                 guard let src = CGImageSourceCreateWithURL(url as CFURL, nil),
285 |                       let cg = CGImageSourceCreateImageAtIndex(src, 0, [kCGImageSourceShouldCacheImmediately: true] as CFDictionary)

Swift.Optional:1:21: note: generic enum 'Optional' does not conform to the 'Sendable' protocol
1 | @frozen public enum Optional<Wrapped> : ~Copyable where Wrapped : ~Copyable {
  |                     `- note: generic enum 'Optional' does not conform to the 'Sendable' protocol
2 |     case none
3 |     case some(Wrapped)

/Users/runner/work/talvinder-photoforge/talvinder-photoforge/Sources/PhotoForgeApp/VideoPlayerView.swift:166:48: warning: left side of nil coalescing operator '??' has non-optional type 'String', so the right side is never used
164 |         Task { @MainActor in
165 |             position = Double(player.position)
166 |             timeText = player.time.stringValue ?? ""
    |                                                `- warning: left side of nil coalescing operator '??' has non-optional type 'String', so the right side is never used
167 |             if let len = player.media?.length.stringValue, !len.isEmpty { lengthText = len }
168 |         }
[28/30] Write Objects.LinkFileList
[29/30] Linking PhotoForgeApp
Build of product 'PhotoForgeApp' complete! (125.10s)
Architectures in the fat file: dist/PhotoForge.app/Contents/MacOS/PhotoForge are: x86_64 arm64 
Bundled VLCKit from .build/x86_64-apple-macosx/release/VLCKit.framework
Architectures in the fat file: dist/PhotoForge.app/Contents/Frameworks/VLCKit.framework/VLCKit are: x86_64 arm64 
dist/PhotoForge.app/Contents/Info.plist: OK
Bundled models:
RealESRGANx4v3.mlmodelc
SFace.mlmodelc
SR_x2.mlmodelc
SR_x3.mlmodelc
SR_x4.mlmodelc
dist/PhotoForge.app: replacing existing signature
--prepared:/Users/runner/work/talvinder-photoforge/talvinder-photoforge/dist/PhotoForge.app/Contents/Frameworks/VLCKit.framework/Versions/Current/.
--validated:/Users/runner/work/talvinder-photoforge/talvinder-photoforge/dist/PhotoForge.app/Contents/Frameworks/VLCKit.framework/Versions/Current/.
dist/PhotoForge.app: valid on disk
dist/PhotoForge.app: satisfies its Designated Requirement
total 164544
drwxr-xr-x   4 runner  staff       128 Oct  8 07:41 .
drwxr-xr-x  24 runner  staff       768 Oct  8 07:41 ..
-rw-r--r--   1 runner  staff  82313696 Oct  8 07:41 PhotoForge-1.0.38.zip
drwxr-xr-x   3 runner  staff        96 Oct  8 07:41 PhotoForge.app
